// Jest Snapshot v1, https://goo.gl/fbAQLP

exports[`InvitesGrid Component should match the snapshot 1`] = `
<div
  className="InvitesGrid flex flex-column grow"
>
  <a
    className="homeLink"
    href="/"
    onClick={[Function]}
    style={
      Object {
        "textDecoration": "none",
      }
    }
  >
    <div
      className="actionable-text"
    >
      <i
        className="fa fa-long-arrow-left"
      />
       back to players list
    </div>
  </a>
  <div
    className="title flex align-center"
  >
    <h2>
      Group Invites Pending
    </h2>
    <div
      className="Badge"
    >
      <div
        className="background flex justify-center align-center"
      >
        <div
          className="label"
        >
          1
        </div>
      </div>
    </div>
  </div>
  <div
    className="grid flex wrap"
  >
    <div
      className="InvitesGridItem flex flex-column card"
    >
      <div
        className="header"
      >
        <div
          className="group-title flex align-center justify-center"
        >
          <h3>
            luckbomb#1234
            's
          </h3>
          <h3
            className="regular"
          >
            Group
          </h3>
        </div>
        <div
          className="groupSR sub-title flex align-center justify-center"
        >
          2700
           Group SR
        </div>
      </div>
      <div
        className="body flex flex-column"
      >
        <div
          className="HeroCard flex align-center"
        >
          <div
            className="invitePlayerButton"
          >
            <img
              alt="genji icon"
              className="HeroImage"
              onClick={undefined}
              src={
                Object {
                  "process": [Function],
                }
              }
            />
            <div
              className="overlay"
            >
              <div
                className="plus-container flex align-center justify-center"
                onClick={[Function]}
              >
                <i
                  className="fa fa-plus"
                />
              </div>
            </div>
          </div>
          <div
            className="content flex flex-column"
          >
            <div
              className="display-name"
            >
              luckbomb#1234
            </div>
            <div
              className="sub-title"
            >
              <span>
                3200
                 SR
              </span>
              <span>
                 | 
              </span>
              <span>
                0
                % WR
              </span>
            </div>
          </div>
          <div
            className="button-primary"
            onClick={[Function]}
          >
            <div
              className="button-content"
            >
              stats
            </div>
          </div>
        </div>
        <div
          className="HeroCard flex align-center"
        >
          <div
            className="invitePlayerButton"
          >
            <img
              alt="widowmaker icon"
              className="HeroImage"
              onClick={undefined}
              src={
                Object {
                  "process": [Function],
                }
              }
            />
            <div
              className="overlay"
            >
              <div
                className="plus-container flex align-center justify-center"
                onClick={[Function]}
              >
                <i
                  className="fa fa-plus"
                />
              </div>
            </div>
          </div>
          <div
            className="content flex flex-column"
          >
            <div
              className="display-name"
            >
              wismo0#1234
            </div>
            <div
              className="sub-title"
            >
              <span>
                2200
                 SR
              </span>
              <span>
                 | 
              </span>
              <span>
                0
                % WR
              </span>
            </div>
          </div>
          <div
            className="button-primary"
            onClick={[Function]}
          >
            <div
              className="button-content"
            >
              stats
            </div>
          </div>
        </div>
      </div>
      <div
        className="button-group flex justify-around"
      >
        <div
          className="button button-six flex justify-center align-center"
          onClick={[Function]}
        >
          <div
            className="button-content"
          >
            DECLINE
          </div>
        </div>
        <div
          className="button button-secondary flex justify-center align-center"
          onClick={[Function]}
        >
          <div
            className="button-content"
          >
            ACCEPT
          </div>
        </div>
      </div>
    </div>
  </div>
</div>
`;
