// Jest Snapshot v1, https://goo.gl/fbAQLP

exports[`HeroStat Component should match the snapshot 1`] = `
<div
  className="HeroStat flex flex-column"
>
  <div>
    <span
      className="stat"
    >
      10
    </span>
    <span
      className="stat-label sub-title"
    >
      /min
    </span>
  </div>
  <div
    className="indicator"
  >
    <div
      className="indicator-level"
      style={
        Object {
          "width": "90%",
        }
      }
    />
  </div>
  <div
    className="sub-title"
  >
    STATISTIC
  </div>
</div>
`;
