// Jest Snapshot v1, https://goo.gl/fbAQLP

exports[`HeroCard Component should match the snapshot 1`] = `
<div
  className="HeroImages flex"
>
  <img
    alt="doomfist icon"
    className="HeroImage"
    onClick={undefined}
    src={
      Object {
        "process": [Function],
      }
    }
  />
  <img
    alt="genji icon"
    className="HeroImage"
    onClick={undefined}
    src={
      Object {
        "process": [Function],
      }
    }
  />
  <img
    alt="mccree icon"
    className="HeroImage"
    onClick={undefined}
    src={
      Object {
        "process": [Function],
      }
    }
  />
</div>
`;
