// Jest Snapshot v1, https://goo.gl/fbAQLP

exports[`<PreferredHeroSelector/> Should render in the correct format with preferred heroes 1`] = `
<div
  className="PreferredHeroSelector flex flex-column"
>
  <div
    className="header flex justify-between align-center"
  >
    <div>
      <h3>
        Preferred Heroes
      </h3>
      <div
        className="sub-title"
      >
        Choose up to five preferred heroes to play.
      </div>
    </div>
    <div
      className="flex justify-between hero-slots"
    >
      <div
        className="HeroSlot flex align-center justify-center selected"
        onClick={[Function]}
      >
        <div
          className=""
        >
          <img
            alt="doomfist icon"
            className="HeroImage"
            onClick={undefined}
            src={
              Object {
                "process": [Function],
              }
            }
          />
        </div>
      </div>
      <div
        className="HeroSlot flex align-center justify-center"
        onClick={[Function]}
      >
        <div
          className=""
        >
          <img
            alt="genji icon"
            className="HeroImage"
            onClick={undefined}
            src={
              Object {
                "process": [Function],
              }
            }
          />
        </div>
      </div>
      <div
        className="HeroSlot flex align-center justify-center"
        onClick={[Function]}
      >
        <div
          className=""
        >
          <img
            alt="mccree icon"
            className="HeroImage"
            onClick={undefined}
            src={
              Object {
                "process": [Function],
              }
            }
          />
        </div>
      </div>
      <div
        className="HeroSlot flex align-center justify-center"
        onClick={[Function]}
      >
        <div
          className=""
        >
          <img
            alt="pharah icon"
            className="HeroImage"
            onClick={undefined}
            src={
              Object {
                "process": [Function],
              }
            }
          />
        </div>
      </div>
      <div
        className="HeroSlot flex align-center justify-center"
        onClick={[Function]}
      >
        <div
          className=""
        >
          <img
            alt="reaper icon"
            className="HeroImage"
            onClick={undefined}
            src={
              Object {
                "process": [Function],
              }
            }
          />
        </div>
      </div>
    </div>
  </div>
  <div
    className="body"
  >
    <div
      className="HeroSelector flex wrap"
    >
      <div
        className="HeroButton selected"
        onClick={[Function]}
      >
        <div
          className=""
        >
          <img
            alt="doomfist icon"
            className="HeroImage"
            onClick={undefined}
            src={
              Object {
                "process": [Function],
              }
            }
          />
        </div>
      </div>
      <div
        className="HeroButton disabled"
        onClick={[Function]}
      >
        <div
          className=""
        >
          <img
            alt="genji icon"
            className="HeroImage"
            onClick={undefined}
            src={
              Object {
                "process": [Function],
              }
            }
          />
        </div>
      </div>
      <div
        className="HeroButton disabled"
        onClick={[Function]}
      >
        <div
          className=""
        >
          <img
            alt="mccree icon"
            className="HeroImage"
            onClick={undefined}
            src={
              Object {
                "process": [Function],
              }
            }
          />
        </div>
      </div>
      <div
        className="HeroButton disabled"
        onClick={[Function]}
      >
        <div
          className=""
        >
          <img
            alt="pharah icon"
            className="HeroImage"
            onClick={undefined}
            src={
              Object {
                "process": [Function],
              }
            }
          />
        </div>
      </div>
      <div
        className="HeroButton disabled"
        onClick={[Function]}
      >
        <div
          className=""
        >
          <img
            alt="reaper icon"
            className="HeroImage"
            onClick={undefined}
            src={
              Object {
                "process": [Function],
              }
            }
          />
        </div>
      </div>
      <div
        className="HeroButton"
        onClick={[Function]}
      >
        <div
          className=""
        >
          <img
            alt="soldier76 icon"
            className="HeroImage"
            onClick={undefined}
            src={
              Object {
                "process": [Function],
              }
            }
          />
        </div>
      </div>
      <div
        className="HeroButton"
        onClick={[Function]}
      >
        <div
          className=""
        >
          <img
            alt="sombra icon"
            className="HeroImage"
            onClick={undefined}
            src={
              Object {
                "process": [Function],
              }
            }
          />
        </div>
      </div>
      <div
        className="HeroButton"
        onClick={[Function]}
      >
        <div
          className=""
        >
          <img
            alt="tracer icon"
            className="HeroImage"
            onClick={undefined}
            src={
              Object {
                "process": [Function],
              }
            }
          />
        </div>
      </div>
      <div
        className="HeroButton"
        onClick={[Function]}
      >
        <div
          className=""
        >
          <img
            alt="bastion icon"
            className="HeroImage"
            onClick={undefined}
            src={
              Object {
                "process": [Function],
              }
            }
          />
        </div>
      </div>
      <div
        className="HeroButton"
        onClick={[Function]}
      >
        <div
          className=""
        >
          <img
            alt="hanzo icon"
            className="HeroImage"
            onClick={undefined}
            src={
              Object {
                "process": [Function],
              }
            }
          />
        </div>
      </div>
      <div
        className="HeroButton"
        onClick={[Function]}
      >
        <div
          className=""
        >
          <img
            alt="junkrat icon"
            className="HeroImage"
            onClick={undefined}
            src={
              Object {
                "process": [Function],
              }
            }
          />
        </div>
      </div>
      <div
        className="HeroButton"
        onClick={[Function]}
      >
        <div
          className=""
        >
          <img
            alt="mei icon"
            className="HeroImage"
            onClick={undefined}
            src={
              Object {
                "process": [Function],
              }
            }
          />
        </div>
      </div>
      <div
        className="HeroButton"
        onClick={[Function]}
      >
        <div
          className=""
        >
          <img
            alt="torbjorn icon"
            className="HeroImage"
            onClick={undefined}
            src={
              Object {
                "process": [Function],
              }
            }
          />
        </div>
      </div>
      <div
        className="HeroButton"
        onClick={[Function]}
      >
        <div
          className=""
        >
          <img
            alt="widowmaker icon"
            className="HeroImage"
            onClick={undefined}
            src={
              Object {
                "process": [Function],
              }
            }
          />
        </div>
      </div>
      <div
        className="HeroButton"
        onClick={[Function]}
      >
        <div
          className=""
        >
          <img
            alt="dva icon"
            className="HeroImage"
            onClick={undefined}
            src={
              Object {
                "process": [Function],
              }
            }
          />
        </div>
      </div>
      <div
        className="HeroButton"
        onClick={[Function]}
      >
        <div
          className=""
        >
          <img
            alt="orisa icon"
            className="HeroImage"
            onClick={undefined}
            src={
              Object {
                "process": [Function],
              }
            }
          />
        </div>
      </div>
      <div
        className="HeroButton"
        onClick={[Function]}
      >
        <div
          className=""
        >
          <img
            alt="reinhardt icon"
            className="HeroImage"
            onClick={undefined}
            src={
              Object {
                "process": [Function],
              }
            }
          />
        </div>
      </div>
      <div
        className="HeroButton"
        onClick={[Function]}
      >
        <div
          className=""
        >
          <img
            alt="roadhog icon"
            className="HeroImage"
            onClick={undefined}
            src={
              Object {
                "process": [Function],
              }
            }
          />
        </div>
      </div>
      <div
        className="HeroButton"
        onClick={[Function]}
      >
        <div
          className=""
        >
          <img
            alt="winston icon"
            className="HeroImage"
            onClick={undefined}
            src={
              Object {
                "process": [Function],
              }
            }
          />
        </div>
      </div>
      <div
        className="HeroButton"
        onClick={[Function]}
      >
        <div
          className=""
        >
          <img
            alt="zarya icon"
            className="HeroImage"
            onClick={undefined}
            src={
              Object {
                "process": [Function],
              }
            }
          />
        </div>
      </div>
      <div
        className="HeroButton"
        onClick={[Function]}
      >
        <div
          className=""
        >
          <img
            alt="ana icon"
            className="HeroImage"
            onClick={undefined}
            src={
              Object {
                "process": [Function],
              }
            }
          />
        </div>
      </div>
      <div
        className="HeroButton"
        onClick={[Function]}
      >
        <div
          className=""
        >
          <img
            alt="lucio icon"
            className="HeroImage"
            onClick={undefined}
            src={
              Object {
                "process": [Function],
              }
            }
          />
        </div>
      </div>
      <div
        className="HeroButton"
        onClick={[Function]}
      >
        <div
          className=""
        >
          <img
            alt="mercy icon"
            className="HeroImage"
            onClick={undefined}
            src={
              Object {
                "process": [Function],
              }
            }
          />
        </div>
      </div>
      <div
        className="HeroButton"
        onClick={[Function]}
      >
        <div
          className=""
        >
          <img
            alt="moira icon"
            className="HeroImage"
            onClick={undefined}
            src={
              Object {
                "process": [Function],
              }
            }
          />
        </div>
      </div>
      <div
        className="HeroButton"
        onClick={[Function]}
      >
        <div
          className=""
        >
          <img
            alt="symmetra icon"
            className="HeroImage"
            onClick={undefined}
            src={
              Object {
                "process": [Function],
              }
            }
          />
        </div>
      </div>
      <div
        className="HeroButton"
        onClick={[Function]}
      >
        <div
          className=""
        >
          <img
            alt="zenyatta icon"
            className="HeroImage"
            onClick={undefined}
            src={
              Object {
                "process": [Function],
              }
            }
          />
        </div>
      </div>
    </div>
  </div>
  <div
    className="footer flex align-center"
  >
    <div
      className="last-action-taken"
    >
      <b>
        
      </b>
      
    </div>
    <div
      className="button-group flex"
    >
      <div
        className="flex align-center button-six"
        onClick={[Function]}
      >
        <div
          className="button-content"
        >
          REMOVE
        </div>
      </div>
      <div
        className="save-button button-primary flex align-center"
        onClick={[Function]}
      >
        <div
          className="button-content"
        >
          SAVE
        </div>
      </div>
    </div>
  </div>
</div>
`;

exports[`<PreferredHeroSelector/> Should render in the correct format without any preferred heroes 1`] = `
<div
  className="PreferredHeroSelector flex flex-column"
>
  <div
    className="header flex justify-between align-center"
  >
    <div>
      <h3>
        Preferred Heroes
      </h3>
      <div
        className="sub-title"
      >
        Choose up to five preferred heroes to play.
      </div>
    </div>
    <div
      className="flex justify-between hero-slots"
    >
      <div
        className="HeroSlot flex align-center justify-center selected"
        onClick={[Function]}
      >
        1
      </div>
      <div
        className="HeroSlot flex align-center justify-center"
        onClick={[Function]}
      >
        2
      </div>
      <div
        className="HeroSlot flex align-center justify-center"
        onClick={[Function]}
      >
        3
      </div>
      <div
        className="HeroSlot flex align-center justify-center"
        onClick={[Function]}
      >
        4
      </div>
      <div
        className="HeroSlot flex align-center justify-center"
        onClick={[Function]}
      >
        5
      </div>
    </div>
  </div>
  <div
    className="body"
  >
    <div
      className="HeroSelector flex wrap"
    >
      <div
        className="HeroButton"
        onClick={[Function]}
      >
        <div
          className=""
        >
          <img
            alt="doomfist icon"
            className="HeroImage"
            onClick={undefined}
            src={
              Object {
                "process": [Function],
              }
            }
          />
        </div>
      </div>
      <div
        className="HeroButton"
        onClick={[Function]}
      >
        <div
          className=""
        >
          <img
            alt="genji icon"
            className="HeroImage"
            onClick={undefined}
            src={
              Object {
                "process": [Function],
              }
            }
          />
        </div>
      </div>
      <div
        className="HeroButton"
        onClick={[Function]}
      >
        <div
          className=""
        >
          <img
            alt="mccree icon"
            className="HeroImage"
            onClick={undefined}
            src={
              Object {
                "process": [Function],
              }
            }
          />
        </div>
      </div>
      <div
        className="HeroButton"
        onClick={[Function]}
      >
        <div
          className=""
        >
          <img
            alt="pharah icon"
            className="HeroImage"
            onClick={undefined}
            src={
              Object {
                "process": [Function],
              }
            }
          />
        </div>
      </div>
      <div
        className="HeroButton"
        onClick={[Function]}
      >
        <div
          className=""
        >
          <img
            alt="reaper icon"
            className="HeroImage"
            onClick={undefined}
            src={
              Object {
                "process": [Function],
              }
            }
          />
        </div>
      </div>
      <div
        className="HeroButton"
        onClick={[Function]}
      >
        <div
          className=""
        >
          <img
            alt="soldier76 icon"
            className="HeroImage"
            onClick={undefined}
            src={
              Object {
                "process": [Function],
              }
            }
          />
        </div>
      </div>
      <div
        className="HeroButton"
        onClick={[Function]}
      >
        <div
          className=""
        >
          <img
            alt="sombra icon"
            className="HeroImage"
            onClick={undefined}
            src={
              Object {
                "process": [Function],
              }
            }
          />
        </div>
      </div>
      <div
        className="HeroButton"
        onClick={[Function]}
      >
        <div
          className=""
        >
          <img
            alt="tracer icon"
            className="HeroImage"
            onClick={undefined}
            src={
              Object {
                "process": [Function],
              }
            }
          />
        </div>
      </div>
      <div
        className="HeroButton"
        onClick={[Function]}
      >
        <div
          className=""
        >
          <img
            alt="bastion icon"
            className="HeroImage"
            onClick={undefined}
            src={
              Object {
                "process": [Function],
              }
            }
          />
        </div>
      </div>
      <div
        className="HeroButton"
        onClick={[Function]}
      >
        <div
          className=""
        >
          <img
            alt="hanzo icon"
            className="HeroImage"
            onClick={undefined}
            src={
              Object {
                "process": [Function],
              }
            }
          />
        </div>
      </div>
      <div
        className="HeroButton"
        onClick={[Function]}
      >
        <div
          className=""
        >
          <img
            alt="junkrat icon"
            className="HeroImage"
            onClick={undefined}
            src={
              Object {
                "process": [Function],
              }
            }
          />
        </div>
      </div>
      <div
        className="HeroButton"
        onClick={[Function]}
      >
        <div
          className=""
        >
          <img
            alt="mei icon"
            className="HeroImage"
            onClick={undefined}
            src={
              Object {
                "process": [Function],
              }
            }
          />
        </div>
      </div>
      <div
        className="HeroButton"
        onClick={[Function]}
      >
        <div
          className=""
        >
          <img
            alt="torbjorn icon"
            className="HeroImage"
            onClick={undefined}
            src={
              Object {
                "process": [Function],
              }
            }
          />
        </div>
      </div>
      <div
        className="HeroButton"
        onClick={[Function]}
      >
        <div
          className=""
        >
          <img
            alt="widowmaker icon"
            className="HeroImage"
            onClick={undefined}
            src={
              Object {
                "process": [Function],
              }
            }
          />
        </div>
      </div>
      <div
        className="HeroButton"
        onClick={[Function]}
      >
        <div
          className=""
        >
          <img
            alt="dva icon"
            className="HeroImage"
            onClick={undefined}
            src={
              Object {
                "process": [Function],
              }
            }
          />
        </div>
      </div>
      <div
        className="HeroButton"
        onClick={[Function]}
      >
        <div
          className=""
        >
          <img
            alt="orisa icon"
            className="HeroImage"
            onClick={undefined}
            src={
              Object {
                "process": [Function],
              }
            }
          />
        </div>
      </div>
      <div
        className="HeroButton"
        onClick={[Function]}
      >
        <div
          className=""
        >
          <img
            alt="reinhardt icon"
            className="HeroImage"
            onClick={undefined}
            src={
              Object {
                "process": [Function],
              }
            }
          />
        </div>
      </div>
      <div
        className="HeroButton"
        onClick={[Function]}
      >
        <div
          className=""
        >
          <img
            alt="roadhog icon"
            className="HeroImage"
            onClick={undefined}
            src={
              Object {
                "process": [Function],
              }
            }
          />
        </div>
      </div>
      <div
        className="HeroButton"
        onClick={[Function]}
      >
        <div
          className=""
        >
          <img
            alt="winston icon"
            className="HeroImage"
            onClick={undefined}
            src={
              Object {
                "process": [Function],
              }
            }
          />
        </div>
      </div>
      <div
        className="HeroButton"
        onClick={[Function]}
      >
        <div
          className=""
        >
          <img
            alt="zarya icon"
            className="HeroImage"
            onClick={undefined}
            src={
              Object {
                "process": [Function],
              }
            }
          />
        </div>
      </div>
      <div
        className="HeroButton"
        onClick={[Function]}
      >
        <div
          className=""
        >
          <img
            alt="ana icon"
            className="HeroImage"
            onClick={undefined}
            src={
              Object {
                "process": [Function],
              }
            }
          />
        </div>
      </div>
      <div
        className="HeroButton"
        onClick={[Function]}
      >
        <div
          className=""
        >
          <img
            alt="lucio icon"
            className="HeroImage"
            onClick={undefined}
            src={
              Object {
                "process": [Function],
              }
            }
          />
        </div>
      </div>
      <div
        className="HeroButton"
        onClick={[Function]}
      >
        <div
          className=""
        >
          <img
            alt="mercy icon"
            className="HeroImage"
            onClick={undefined}
            src={
              Object {
                "process": [Function],
              }
            }
          />
        </div>
      </div>
      <div
        className="HeroButton"
        onClick={[Function]}
      >
        <div
          className=""
        >
          <img
            alt="moira icon"
            className="HeroImage"
            onClick={undefined}
            src={
              Object {
                "process": [Function],
              }
            }
          />
        </div>
      </div>
      <div
        className="HeroButton"
        onClick={[Function]}
      >
        <div
          className=""
        >
          <img
            alt="symmetra icon"
            className="HeroImage"
            onClick={undefined}
            src={
              Object {
                "process": [Function],
              }
            }
          />
        </div>
      </div>
      <div
        className="HeroButton"
        onClick={[Function]}
      >
        <div
          className=""
        >
          <img
            alt="zenyatta icon"
            className="HeroImage"
            onClick={undefined}
            src={
              Object {
                "process": [Function],
              }
            }
          />
        </div>
      </div>
    </div>
  </div>
  <div
    className="footer flex align-center"
  >
    <div
      className="last-action-taken"
    >
      <b>
        
      </b>
      
    </div>
    <div
      className="button-group flex"
    />
  </div>
</div>
`;
