// Jest Snapshot v1, https://goo.gl/fbAQLP

exports[`UserStatsContainer Component should match the snapshot 1`] = `
<div
  className="UserStatsContainer"
>
  <div
    className="header"
  >
    <div
      className="flex justify-between align-center"
    >
      <div>
        <h3>
          PwNShoPP#1662
        </h3>
        <span
          className="sub-title"
        >
          <b>
            2400
          </b>
           SR
        </span>
        <span
          className="sub-title"
        >
          <b>
            22
          </b>
           WINS
        </span>
      </div>
      <div
        className="HeroImages flex"
      >
        <div
          className=""
        >
          <img
            alt="hanzo icon"
            className="HeroImage"
            onClick={undefined}
            src={
              Object {
                "process": [Function],
              }
            }
          />
        </div>
        <div
          className=""
        >
          <img
            alt="dva icon"
            className="HeroImage"
            onClick={undefined}
            src={
              Object {
                "process": [Function],
              }
            }
          />
        </div>
        <div
          className=""
        >
          <img
            alt="zenyatta icon"
            className="HeroImage"
            onClick={undefined}
            src={
              Object {
                "process": [Function],
              }
            }
          />
        </div>
      </div>
    </div>
  </div>
  <div
    className="body"
  >
    <div
      className="HeroStatsList"
    >
      <div
        className="HeroStatsListItem"
      >
        <div
          className="flex align-center"
        >
          <div>
            <div
              className=""
            >
              <div
                className=""
              >
                <img
                  alt="hanzo icon"
                  className="HeroImage"
                  onClick={undefined}
                  src={
                    Object {
                      "process": [Function],
                    }
                  }
                />
              </div>
            </div>
          </div>
          <div>
            <h3>
              
              Hanzo
            </h3>
            <div
              className="sub-title"
            >
              Hero needs more games played
            </div>
          </div>
          <div
            className="flex justify-between record"
          >
            <div
              className="RecordStat flex flex-column align-end"
            >
              <div
                className="stat"
              >
                N/A
              </div>
              <div
                className="sub-title"
              >
                WINS
              </div>
            </div>
            <div
              className="RecordStat flex flex-column align-end"
            >
              <div
                className="stat"
              >
                N/A
              </div>
              <div
                className="sub-title"
              >
                LOSSES
              </div>
            </div>
            <div
              className="RecordStat flex flex-column align-end"
            >
              <div
                className="stat"
              >
                N/A
              </div>
              <div
                className="sub-title"
              >
                K/D
              </div>
            </div>
          </div>
        </div>
        <div
          className="flex wrap justify-between"
        >
          <div
            className="HeroStat flex flex-column"
          >
            <span
              className="stat"
            >
              -
            </span>
            <div
              className="indicator"
            >
              <div
                className="indicator-level"
                style={
                  Object {
                    "width": "0%",
                  }
                }
              />
            </div>
            <div
              className="sub-title"
            >
              DAMAGE
            </div>
          </div>
          <div
            className="HeroStat flex flex-column"
          >
            <span
              className="stat"
            >
              -
            </span>
            <div
              className="indicator"
            >
              <div
                className="indicator-level"
                style={
                  Object {
                    "width": "0%",
                  }
                }
              />
            </div>
            <div
              className="sub-title"
            >
              HEALING
            </div>
          </div>
          <div
            className="HeroStat flex flex-column"
          >
            <span
              className="stat"
            >
              -
            </span>
            <div
              className="indicator"
            >
              <div
                className="indicator-level"
                style={
                  Object {
                    "width": "0%",
                  }
                }
              />
            </div>
            <div
              className="sub-title"
            >
              BLOCKED
            </div>
          </div>
          <div
            className="HeroStat flex flex-column"
          >
            <span
              className="stat"
            >
              -
            </span>
            <div
              className="indicator"
            >
              <div
                className="indicator-level"
                style={
                  Object {
                    "width": "0%",
                  }
                }
              />
            </div>
            <div
              className="sub-title"
            >
              OBJ. KILLS
            </div>
          </div>
          <div
            className="HeroStat flex flex-column"
          >
            <span
              className="stat"
            >
              -
            </span>
            <div
              className="indicator"
            >
              <div
                className="indicator-level"
                style={
                  Object {
                    "width": "0%",
                  }
                }
              />
            </div>
            <div
              className="sub-title"
            >
              OBJ. TIME
            </div>
          </div>
          <div
            className="HeroStat flex flex-column"
          >
            <span
              className="stat"
            >
              -
            </span>
            <div
              className="indicator"
            >
              <div
                className="indicator-level"
                style={
                  Object {
                    "width": "0%",
                  }
                }
              />
            </div>
            <div
              className="sub-title"
            >
              ACCURACY
            </div>
          </div>
        </div>
      </div>
      <div
        className="HeroStatsListItem"
      >
        <div
          className="flex align-center"
        >
          <div>
            <div
              className=""
            >
              <div
                className=""
              >
                <img
                  alt="dva icon"
                  className="HeroImage"
                  onClick={undefined}
                  src={
                    Object {
                      "process": [Function],
                    }
                  }
                />
              </div>
            </div>
          </div>
          <div>
            <h3>
              
              Dva
            </h3>
            <div
              className="sub-title"
            >
              3 hours played
            </div>
          </div>
          <div
            className="flex justify-between record"
          >
            <div
              className="RecordStat flex flex-column align-end"
            >
              <div
                className="stat"
              >
                11
              </div>
              <div
                className="sub-title"
              >
                WINS
              </div>
            </div>
            <div
              className="RecordStat flex flex-column align-end"
            >
              <div
                className="stat"
              >
                7
              </div>
              <div
                className="sub-title"
              >
                LOSSES
              </div>
            </div>
            <div
              className="RecordStat flex flex-column align-end"
            >
              <div
                className="stat"
              >
                2.99
              </div>
              <div
                className="sub-title"
              >
                K/D
              </div>
            </div>
          </div>
        </div>
        <div
          className="flex wrap justify-between"
        >
          <div
            className="HeroStat flex flex-column"
          >
            <div>
              <span
                className="stat"
              >
                1339
              </span>
              <span
                className="stat-label sub-title"
              >
                /min
              </span>
            </div>
            <div
              className="indicator"
            >
              <div
                className="indicator-level"
                style={
                  Object {
                    "width": "100%",
                  }
                }
              />
            </div>
            <div
              className="sub-title"
            >
              DAMAGE
            </div>
          </div>
          <div
            className="HeroStat flex flex-column"
          >
            <div>
              <span
                className="stat"
              >
                148
              </span>
              <span
                className="stat-label sub-title"
              >
                /min
              </span>
            </div>
            <div
              className="indicator"
            >
              <div
                className="indicator-level"
                style={
                  Object {
                    "width": "100%",
                  }
                }
              />
            </div>
            <div
              className="sub-title"
            >
              HEALING
            </div>
          </div>
          <div
            className="HeroStat flex flex-column"
          >
            <span
              className="stat"
            >
              -
            </span>
            <div
              className="indicator"
            >
              <div
                className="indicator-level"
                style={
                  Object {
                    "width": "0%",
                  }
                }
              />
            </div>
            <div
              className="sub-title"
            >
              BLOCKED
            </div>
          </div>
          <div
            className="HeroStat flex flex-column"
          >
            <div>
              <span
                className="stat"
              >
                11
              </span>
              <span
                className="stat-label sub-title"
              >
                /min
              </span>
            </div>
            <div
              className="indicator"
            >
              <div
                className="indicator-level"
                style={
                  Object {
                    "width": "100%",
                  }
                }
              />
            </div>
            <div
              className="sub-title"
            >
              OBJ. KILLS
            </div>
          </div>
          <div
            className="HeroStat flex flex-column"
          >
            <div>
              <span
                className="stat"
              >
                56
              </span>
              <span
                className="stat-label sub-title"
              >
                /min
              </span>
            </div>
            <div
              className="indicator"
            >
              <div
                className="indicator-level"
                style={
                  Object {
                    "width": "100%",
                  }
                }
              />
            </div>
            <div
              className="sub-title"
            >
              OBJ. TIME
            </div>
          </div>
          <div
            className="HeroStat flex flex-column"
          >
            <div>
              <span
                className="stat"
              >
                36
              </span>
              <span
                className="stat-label sub-title"
              >
                %
              </span>
            </div>
            <div
              className="indicator"
            >
              <div
                className="indicator-level"
                style={
                  Object {
                    "width": "100%",
                  }
                }
              />
            </div>
            <div
              className="sub-title"
            >
              ACCURACY
            </div>
          </div>
        </div>
      </div>
      <div
        className="HeroStatsListItem"
      >
        <div
          className="flex align-center"
        >
          <div>
            <div
              className=""
            >
              <div
                className=""
              >
                <img
                  alt="zenyatta icon"
                  className="HeroImage"
                  onClick={undefined}
                  src={
                    Object {
                      "process": [Function],
                    }
                  }
                />
              </div>
            </div>
          </div>
          <div>
            <h3>
              
              Zenyatta
            </h3>
            <div
              className="sub-title"
            >
              3 hours played
            </div>
          </div>
          <div
            className="flex justify-between record"
          >
            <div
              className="RecordStat flex flex-column align-end"
            >
              <div
                className="stat"
              >
                11
              </div>
              <div
                className="sub-title"
              >
                WINS
              </div>
            </div>
            <div
              className="RecordStat flex flex-column align-end"
            >
              <div
                className="stat"
              >
                7
              </div>
              <div
                className="sub-title"
              >
                LOSSES
              </div>
            </div>
            <div
              className="RecordStat flex flex-column align-end"
            >
              <div
                className="stat"
              >
                2.99
              </div>
              <div
                className="sub-title"
              >
                K/D
              </div>
            </div>
          </div>
        </div>
        <div
          className="flex wrap justify-between"
        >
          <div
            className="HeroStat flex flex-column"
          >
            <div>
              <span
                className="stat"
              >
                1339
              </span>
              <span
                className="stat-label sub-title"
              >
                /min
              </span>
            </div>
            <div
              className="indicator"
            >
              <div
                className="indicator-level"
                style={
                  Object {
                    "width": "100%",
                  }
                }
              />
            </div>
            <div
              className="sub-title"
            >
              DAMAGE
            </div>
          </div>
          <div
            className="HeroStat flex flex-column"
          >
            <div>
              <span
                className="stat"
              >
                148
              </span>
              <span
                className="stat-label sub-title"
              >
                /min
              </span>
            </div>
            <div
              className="indicator"
            >
              <div
                className="indicator-level"
                style={
                  Object {
                    "width": "100%",
                  }
                }
              />
            </div>
            <div
              className="sub-title"
            >
              HEALING
            </div>
          </div>
          <div
            className="HeroStat flex flex-column"
          >
            <span
              className="stat"
            >
              -
            </span>
            <div
              className="indicator"
            >
              <div
                className="indicator-level"
                style={
                  Object {
                    "width": "0%",
                  }
                }
              />
            </div>
            <div
              className="sub-title"
            >
              BLOCKED
            </div>
          </div>
          <div
            className="HeroStat flex flex-column"
          >
            <div>
              <span
                className="stat"
              >
                11
              </span>
              <span
                className="stat-label sub-title"
              >
                /min
              </span>
            </div>
            <div
              className="indicator"
            >
              <div
                className="indicator-level"
                style={
                  Object {
                    "width": "100%",
                  }
                }
              />
            </div>
            <div
              className="sub-title"
            >
              OBJ. KILLS
            </div>
          </div>
          <div
            className="HeroStat flex flex-column"
          >
            <div>
              <span
                className="stat"
              >
                56
              </span>
              <span
                className="stat-label sub-title"
              >
                /min
              </span>
            </div>
            <div
              className="indicator"
            >
              <div
                className="indicator-level"
                style={
                  Object {
                    "width": "100%",
                  }
                }
              />
            </div>
            <div
              className="sub-title"
            >
              OBJ. TIME
            </div>
          </div>
          <div
            className="HeroStat flex flex-column"
          >
            <div>
              <span
                className="stat"
              >
                36
              </span>
              <span
                className="stat-label sub-title"
              >
                %
              </span>
            </div>
            <div
              className="indicator"
            >
              <div
                className="indicator-level"
                style={
                  Object {
                    "width": "100%",
                  }
                }
              />
            </div>
            <div
              className="sub-title"
            >
              ACCURACY
            </div>
          </div>
        </div>
      </div>
    </div>
  </div>
  <div
    className="footer flex justify-end align-center"
  >
    <div
      className="button-secondary flex align-center"
      onClick={[Function]}
    >
      <div
        className="button-content"
      >
        INVITE TO GROUP
      </div>
    </div>
  </div>
</div>
`;
